../Core/Src/main.c:63:5:main	8	static
../Core/Src/main.c:126:6:SystemClock_Config	72	static
../Core/Src/main.c:166:13:MX_I2C1_Init	8	static
../Core/Src/main.c:188:13:MX_TIM1_Init	32	static
../Core/Src/main.c:222:13:MX_TIM2_Init	32	static
../Core/Src/main.c:255:13:MX_TIM3_Init	32	static
../Core/Src/main.c:288:13:MX_GPIO_Init	40	static
../Core/Src/main.c:329:5:read_front	16	static
../Core/Src/main.c:361:5:read_left	16	static
../Core/Src/main.c:382:5:read_right	16	static
../Core/Src/main.c:403:6:move_forward	8	static
../Core/Src/main.c:410:6:move_backward	8	static
../Core/Src/main.c:418:6:turn_right	8	static
../Core/Src/main.c:427:6:turn_left	8	static
../Core/Src/main.c:436:6:stop	8	static
../Core/Src/main.c:448:6:Error_Handler	4	static,ignoring_inline_asm
