../Core/Src/main.c:63:5:main	3
../Core/Src/main.c:126:6:SystemClock_Config	3
../Core/Src/main.c:166:13:MX_I2C1_Init	2
../Core/Src/main.c:188:13:MX_TIM1_Init	4
../Core/Src/main.c:222:13:MX_TIM2_Init	4
../Core/Src/main.c:255:13:MX_TIM3_Init	4
../Core/Src/main.c:288:13:MX_GPIO_Init	1
../Core/Src/main.c:329:5:read_front	6
../Core/Src/main.c:361:5:read_left	6
../Core/Src/main.c:382:5:read_right	6
../Core/Src/main.c:403:6:move_forward	1
../Core/Src/main.c:410:6:move_backward	1
../Core/Src/main.c:418:6:turn_right	1
../Core/Src/main.c:427:6:turn_left	1
../Core/Src/main.c:436:6:stop	1
../Core/Src/main.c:448:6:Error_Handler	1
